../Core/Src/mpu9250.c:18:9:MPU9250_Init	32	static
../Core/Src/mpu9250.c:64:9:MPU_Set_Gyro_Fsr	40	static
../Core/Src/mpu9250.c:73:9:MPU_Set_Accel_Fsr	40	static
../Core/Src/mpu9250.c:85:9:MPU_Set_LPF	40	static
../Core/Src/mpu9250.c:103:9:MPU_Set_Rate	40	static
../Core/Src/mpu9250.c:117:7:MPU_Get_Temperature	40	static
../Core/Src/mpu9250.c:136:9:MPU_Get_Gyroscope	40	static
../Core/Src/mpu9250.c:161:9:MPU_Get_Accelerometer	40	static
../Core/Src/mpu9250.c:185:9:MPU_Get_Magnetometer	48	static
../Core/Src/mpu9250.c:210:6:MPU_calibrateGyro	32	static
../Core/Src/mpu9250.c:244:6:MPU_readProcessedData	8	static
../Core/Src/mpu9250.c:269:6:MPU_calcAttitude	32	static
